2026-04-18T21:39:42.701Z  INFO 7 --- [main] com.structurizr.server.Local             : ***********************************************************************************
2026-04-18T21:39:42.704Z  INFO 7 --- [main] com.structurizr.server.Local             :   _____ _                   _              _          
2026-04-18T21:39:42.705Z  INFO 7 --- [main] com.structurizr.server.Local             :  / ____| |                 | |            (_)         
2026-04-18T21:39:42.705Z  INFO 7 --- [main] com.structurizr.server.Local             : | (___ | |_ _ __ _   _  ___| |_ _   _ _ __ _ _____ __ 
2026-04-18T21:39:42.705Z  INFO 7 --- [main] com.structurizr.server.Local             :  \___ \| __| '__| | | |/ __| __| | | | '__| |_  / '__|
2026-04-18T21:39:42.706Z  INFO 7 --- [main] com.structurizr.server.Local             :  ____) | |_| |  | |_| | (__| |_| |_| | |  | |/ /| |   
2026-04-18T21:39:42.706Z  INFO 7 --- [main] com.structurizr.server.Local             : |_____/ \__|_|   \__,_|\___|\__|\__,_|_|  |_/___|_|   
2026-04-18T21:39:42.706Z  INFO 7 --- [main] com.structurizr.server.Local             :                                                       
2026-04-18T21:39:42.707Z  INFO 7 --- [main] com.structurizr.server.Local             : v2026.03.06
2026-04-18T21:39:42.708Z  INFO 7 --- [main] com.structurizr.server.Local             : ***********************************************************************************
2026-04-18T21:39:42.708Z  INFO 7 --- [main] com.structurizr.server.Local             :  - structurizr.authentication: none
2026-04-18T21:39:42.710Z  INFO 7 --- [main] com.structurizr.server.Local             :  - structurizr.autorefreshinterval: 0
2026-04-18T21:39:42.711Z  INFO 7 --- [main] com.structurizr.server.Local             :  - structurizr.autosaveinterval: 5000
2026-04-18T21:39:42.711Z  INFO 7 --- [main] com.structurizr.server.Local             :  - structurizr.cache: none
2026-04-18T21:39:42.711Z  INFO 7 --- [main] com.structurizr.server.Local             :  - structurizr.data: file
2026-04-18T21:39:42.712Z  INFO 7 --- [main] com.structurizr.server.Local             :  - structurizr.datadirectory: /usr/local/structurizr
2026-04-18T21:39:42.712Z  INFO 7 --- [main] com.structurizr.server.Local             :  - structurizr.debug: false
2026-04-18T21:39:42.712Z  INFO 7 --- [main] com.structurizr.server.Local             :  - structurizr.editable: true
2026-04-18T21:39:42.713Z  INFO 7 --- [main] com.structurizr.server.Local             :  - structurizr.logging.filename: /usr/local/structurizr/.structurizr/logs/structurizr.log
2026-04-18T21:39:42.713Z  INFO 7 --- [main] com.structurizr.server.Local             :  - structurizr.network.timeout: 60000
2026-04-18T21:39:42.713Z  INFO 7 --- [main] com.structurizr.server.Local             :  - structurizr.network.urls.allowed: .*
2026-04-18T21:39:42.714Z  INFO 7 --- [main] com.structurizr.server.Local             :  - structurizr.search: lucene
2026-04-18T21:39:42.714Z  INFO 7 --- [main] com.structurizr.server.Local             :  - structurizr.themes: /usr/local/structurizr/themes/
2026-04-18T21:39:42.714Z  INFO 7 --- [main] com.structurizr.server.Local             :  - structurizr.workspace.filename: workspace
2026-04-18T21:39:42.715Z  INFO 7 --- [main] com.structurizr.server.Local             :  - structurizr.workspace.maxsize: 1MB
2026-04-18T21:39:42.715Z  INFO 7 --- [main] com.structurizr.server.Local             :  - structurizr.workspace.threads: 10
2026-04-18T21:39:42.715Z  INFO 7 --- [main] com.structurizr.server.Local             :  - structurizr.workspaces: 1
2026-04-18T21:39:42.716Z  INFO 7 --- [main] com.structurizr.server.Local             : ***********************************************************************************
2026-04-18T21:39:42.716Z  INFO 7 --- [main] com.structurizr.server.Local             : Themes:
2026-04-18T21:39:42.717Z  INFO 7 --- [main] com.structurizr.server.Local             : ***********************************************************************************
2026-04-18T21:39:52.515Z  WARN 7 --- [pool-4-thread-1] c.s.server.web.search.SearchIndexer      : Error indexing workspace with ID 1

com.structurizr.server.component.workspace.WorkspaceComponentException: com.structurizr.dsl.StructurizrDslParserException: Too many tokens, expected: element <tag> { at line 89 of /usr/local/structurizr/workspace.dsl: element "Ingestion"  { background #D97706 }
	at com.structurizr.server.component.workspace.LocalFileSystemWorkspaceAdapter.loadWorkspace(LocalFileSystemWorkspaceAdapter.java:70) ~[!/:2026.03.06]
	at com.structurizr.server.component.workspace.LocalFileSystemWorkspaceAdapter.getWorkspace(LocalFileSystemWorkspaceAdapter.java:151) ~[!/:2026.03.06]
	at com.structurizr.server.component.workspace.WorkspaceComponentImpl.getWorkspace(WorkspaceComponentImpl.java:206) ~[!/:2026.03.06]
	at com.structurizr.server.web.search.SearchIndexer.lambda$rebuildSearchIndex$0(SearchIndexer.java:52) ~[!/:2026.03.06]
	at java.base/java.util.concurrent.Executors$RunnableAdapter.call(Unknown Source) ~[na:na]
	at java.base/java.util.concurrent.FutureTask.run(Unknown Source) ~[na:na]
	at java.base/java.util.concurrent.ThreadPoolExecutor.runWorker(Unknown Source) ~[na:na]
	at java.base/java.util.concurrent.ThreadPoolExecutor$Worker.run(Unknown Source) ~[na:na]
	at java.base/java.lang.Thread.run(Unknown Source) ~[na:na]
Caused by: com.structurizr.dsl.StructurizrDslParserException: Too many tokens, expected: element <tag> { at line 89 of /usr/local/structurizr/workspace.dsl: element "Ingestion"  { background #D97706 }
	at com.structurizr.dsl.StructurizrDslParser.parse(StructurizrDslParser.java:1312) ~[structurizr-dsl-6.1.0.jar!/:6.1.0]
	at com.structurizr.dsl.StructurizrDslParser.parse(StructurizrDslParser.java:188) ~[structurizr-dsl-6.1.0.jar!/:6.1.0]
	at com.structurizr.server.component.workspace.LocalFileSystemWorkspaceAdapter.loadWorkspaceFromDsl(LocalFileSystemWorkspaceAdapter.java:113) ~[!/:2026.03.06]
	at com.structurizr.server.component.workspace.LocalFileSystemWorkspaceAdapter.loadWorkspace(LocalFileSystemWorkspaceAdapter.java:68) ~[!/:2026.03.06]
	... 8 common frames omitted

